2026/02/13 07:54:59 [notice] 1#1: using the "epoll" event method
2026/02/13 07:54:59 [notice] 1#1: nginx/1.29.5
2026/02/13 07:54:59 [notice] 1#1: built by gcc 14.2.0 (Debian 14.2.0-19) 
2026/02/13 07:54:59 [notice] 1#1: OS: Linux 6.6.87.2-microsoft-standard-WSL2
2026/02/13 07:54:59 [notice] 1#1: getrlimit(RLIMIT_NOFILE): 1048576:1048576
2026/02/13 07:54:59 [notice] 1#1: start worker processes
2026/02/13 07:54:59 [notice] 1#1: start worker process 29
2026/02/13 07:54:59 [notice] 1#1: start worker process 30
2026/02/13 07:54:59 [notice] 1#1: start worker process 31
2026/02/13 07:54:59 [notice] 1#1: start worker process 32
2026/02/13 07:54:59 [notice] 1#1: start worker process 33
2026/02/13 07:54:59 [notice] 1#1: start worker process 34
2026/02/13 07:54:59 [notice] 1#1: start worker process 35
2026/02/13 07:54:59 [notice] 1#1: start worker process 36
2026/02/13 08:03:31 [error] 29#29: *1 open() "/usr/share/nginx/html/favicon.ico" failed (2: No such file or directory), client: 172.18.0.1, server: localhost, request: "GET /favicon.ico HTTP/1.1", host: "localhost:8083", referrer: "http://localhost:8083/"
2026/02/13 11:45:02 [notice] 1#1: using the "epoll" event method
2026/02/13 11:45:02 [notice] 1#1: nginx/1.29.5
2026/02/13 11:45:02 [notice] 1#1: built by gcc 14.2.0 (Debian 14.2.0-19) 
2026/02/13 11:45:02 [notice] 1#1: OS: Linux 6.6.87.2-microsoft-standard-WSL2
2026/02/13 11:45:02 [notice] 1#1: getrlimit(RLIMIT_NOFILE): 1048576:1048576
2026/02/13 11:45:02 [notice] 1#1: start worker processes
2026/02/13 11:45:02 [notice] 1#1: start worker process 29
2026/02/13 11:45:02 [notice] 1#1: start worker process 30
2026/02/13 11:45:02 [notice] 1#1: start worker process 31
2026/02/13 11:45:02 [notice] 1#1: start worker process 32
2026/02/13 11:45:02 [notice] 1#1: start worker process 33
2026/02/13 11:45:02 [notice] 1#1: start worker process 34
2026/02/13 11:45:02 [notice] 1#1: start worker process 35
2026/02/13 11:45:02 [notice] 1#1: start worker process 36
2026/02/13 11:47:07 [error] 29#29: *1 open() "/usr/share/nginx/html/favicon.ico" failed (2: No such file or directory), client: 172.20.0.1, server: localhost, request: "GET /favicon.ico HTTP/1.1", host: "localhost:8099", referrer: "http://localhost:8099/"
